Copyright 1986-2022 Xilinx, Inc. All Rights Reserved. Copyright 2022-2024 Advanced Micro Devices, Inc. All Rights Reserved.
---------------------------------------------------------------------------------------------------------------------------------------------------------------------------------------------------------------------------------------
| Tool Version : Vivado v.2024.2 (win64) Build 5239630 Fri Nov 08 22:35:27 MST 2024
| Date         : Thu Sep  3 18:48:21 2026
| Host         : DESKTOP-A2I2MIG running 64-bit major release  (build 9200)
| Command      : report_timing_summary -max_paths 10 -report_unconstrained -file led_switch_top_timing_summary_routed.rpt -pb led_switch_top_timing_summary_routed.pb -rpx led_switch_top_timing_summary_routed.rpx -warn_on_violation
| Design       : led_switch_top
| Device       : 7a35t-cpg236
| Speed File   : -1  PRODUCTION 1.23 2018-06-13
| Design State : Routed
---------------------------------------------------------------------------------------------------------------------------------------------------------------------------------------------------------------------------------------

Timing Summary Report

------------------------------------------------------------------------------------------------
| Timer Settings
| --------------
------------------------------------------------------------------------------------------------

  Enable Multi Corner Analysis               :  Yes
  Enable Pessimism Removal                   :  Yes
  Pessimism Removal Resolution               :  Nearest Common Node
  Enable Input Delay Default Clock           :  No
  Enable Preset / Clear Arcs                 :  No
  Disable Flight Delays                      :  No
  Ignore I/O Paths                           :  No
  Timing Early Launch at Borrowing Latches   :  No
  Borrow Time for Max Delay Exceptions       :  Yes
  Merge Timing Exceptions                    :  Yes
  Inter-SLR Compensation                     :  Conservative

  Corner  Analyze    Analyze    
  Name    Max Paths  Min Paths  
  ------  ---------  ---------  
  Slow    Yes        Yes        
  Fast    Yes        Yes        


------------------------------------------------------------------------------------------------
| Report Methodology
| ------------------
------------------------------------------------------------------------------------------------

No report available as report_methodology has not been run prior. Run report_methodology on the current design for the summary of methodology violations.



check_timing report

Table of Contents
-----------------
1. checking no_clock (0)
2. checking constant_clock (0)
3. checking pulse_width_clock (0)
4. checking unconstrained_internal_endpoints (0)
5. checking no_input_delay (0)
6. checking no_output_delay (0)
7. checking multiple_clock (0)
8. checking generated_clocks (0)
9. checking loops (0)
10. checking partial_input_delay (0)
11. checking partial_output_delay (0)
12. checking latch_loops (0)

1. checking no_clock (0)
------------------------
 There are 0 register/latch pins with no clock.


2. checking constant_clock (0)
------------------------------
 There are 0 register/latch pins with constant_clock.


3. checking pulse_width_clock (0)
---------------------------------
 There are 0 register/latch pins which need pulse_width check


4. checking unconstrained_internal_endpoints (0)
------------------------------------------------
 There are 0 pins that are not constrained for maximum delay.

 There are 0 pins that are not constrained for maximum delay due to constant clock.


5. checking no_input_delay (0)
------------------------------
 There are 0 input ports with no input delay specified.

 There are 0 input ports with no input delay but user has a false path constraint.


6. checking no_output_delay (0)
-------------------------------
 There are 0 ports with no output delay specified.

 There are 0 ports with no output delay but user has a false path constraint

 There are 0 ports with no output delay but with a timing clock defined on it or propagating through it


7. checking multiple_clock (0)
------------------------------
 There are 0 register/latch pins with multiple clocks.


8. checking generated_clocks (0)
--------------------------------
 There are 0 generated clocks that are not connected to a clock source.


9. checking loops (0)
---------------------
 There are 0 combinational loops in the design.


10. checking partial_input_delay (0)
------------------------------------
 There are 0 input ports with partial input delay specified.


11. checking partial_output_delay (0)
-------------------------------------
 There are 0 ports with partial output delay specified.


12. checking latch_loops (0)
----------------------------
 There are 0 combinational latch loops in the design through latch input



------------------------------------------------------------------------------------------------
| Design Timing Summary
| ---------------------
------------------------------------------------------------------------------------------------

    WNS(ns)      TNS(ns)  TNS Failing Endpoints  TNS Total Endpoints      WHS(ns)      THS(ns)  THS Failing Endpoints  THS Total Endpoints     WPWS(ns)     TPWS(ns)  TPWS Failing Endpoints  TPWS Total Endpoints  
    -------      -------  ---------------------  -------------------      -------      -------  ---------------------  -------------------     --------     --------  ----------------------  --------------------  
        inf        0.000                      0                    8          inf        0.000                      0                    8           NA           NA                      NA                    NA  


There are no user specified timing constraints.


------------------------------------------------------------------------------------------------
| Clock Summary
| -------------
------------------------------------------------------------------------------------------------


------------------------------------------------------------------------------------------------
| Intra Clock Table
| -----------------
------------------------------------------------------------------------------------------------

Clock             WNS(ns)      TNS(ns)  TNS Failing Endpoints  TNS Total Endpoints      WHS(ns)      THS(ns)  THS Failing Endpoints  THS Total Endpoints     WPWS(ns)     TPWS(ns)  TPWS Failing Endpoints  TPWS Total Endpoints  
-----             -------      -------  ---------------------  -------------------      -------      -------  ---------------------  -------------------     --------     --------  ----------------------  --------------------  


------------------------------------------------------------------------------------------------
| Inter Clock Table
| -----------------
------------------------------------------------------------------------------------------------

From Clock    To Clock          WNS(ns)      TNS(ns)  TNS Failing Endpoints  TNS Total Endpoints      WHS(ns)      THS(ns)  THS Failing Endpoints  THS Total Endpoints  
----------    --------          -------      -------  ---------------------  -------------------      -------      -------  ---------------------  -------------------  


------------------------------------------------------------------------------------------------
| Other Path Groups Table
| -----------------------
------------------------------------------------------------------------------------------------

Path Group    From Clock    To Clock          WNS(ns)      TNS(ns)  TNS Failing Endpoints  TNS Total Endpoints      WHS(ns)      THS(ns)  THS Failing Endpoints  THS Total Endpoints  
----------    ----------    --------          -------      -------  ---------------------  -------------------      -------      -------  ---------------------  -------------------  


------------------------------------------------------------------------------------------------
| User Ignored Path Table
| -----------------------
------------------------------------------------------------------------------------------------

Path Group    From Clock    To Clock    
----------    ----------    --------    


------------------------------------------------------------------------------------------------
| Unconstrained Path Table
| ------------------------
------------------------------------------------------------------------------------------------

Path Group    From Clock    To Clock    
----------    ----------    --------    
(none)                                    


------------------------------------------------------------------------------------------------
| Timing Details
| --------------
------------------------------------------------------------------------------------------------


--------------------------------------------------------------------------------------
Path Group:  (none)
From Clock:  
  To Clock:  

Max Delay             8 Endpoints
Min Delay             8 Endpoints
--------------------------------------------------------------------------------------


Max Delay Paths
--------------------------------------------------------------------------------------
Slack:                    inf
  Source:                 sw[1]
                            (input port)
  Destination:            led[1]
                            (output port)
  Path Group:             (none)
  Path Type:              Max at Slow Process Corner
  Data Path Delay:        9.217ns  (logic 5.115ns (55.497%)  route 4.102ns (44.503%))
  Logic Levels:           3  (IBUF=1 LUT1=1 OBUF=1)

    Location             Delay type                Incr(ns)  Path(ns)    Netlist Resource(s)
  -------------------------------------------------------------------    -------------------
    V16                                               0.000     0.000 f  sw[1] (IN)
                         net (fo=0)                   0.000     0.000    sw[1]
    V16                  IBUF (Prop_ibuf_I_O)         1.461     1.461 f  sw_IBUF[1]_inst/O
                         net (fo=1, routed)           1.998     3.460    sw_IBUF[1]
    SLICE_X0Y28          LUT1 (Prop_lut1_I0_O)        0.124     3.584 r  led_OBUF[1]_inst_i_1/O
                         net (fo=1, routed)           2.103     5.687    led_OBUF[1]
    E19                  OBUF (Prop_obuf_I_O)         3.530     9.217 r  led_OBUF[1]_inst/O
                         net (fo=0)                   0.000     9.217    led[1]
    E19                                                               r  led[1] (OUT)
  -------------------------------------------------------------------    -------------------

Slack:                    inf
  Source:                 sw[2]
                            (input port)
  Destination:            led[2]
                            (output port)
  Path Group:             (none)
  Path Type:              Max at Slow Process Corner
  Data Path Delay:        8.209ns  (logic 5.089ns (61.993%)  route 3.120ns (38.007%))
  Logic Levels:           3  (IBUF=1 LUT1=1 OBUF=1)

    Location             Delay type                Incr(ns)  Path(ns)    Netlist Resource(s)
  -------------------------------------------------------------------    -------------------
    W16                                               0.000     0.000 f  sw[2] (IN)
                         net (fo=0)                   0.000     0.000    sw[2]
    W16                  IBUF (Prop_ibuf_I_O)         1.464     1.464 f  sw_IBUF[2]_inst/O
                         net (fo=1, routed)           1.258     2.722    sw_IBUF[2]
    SLICE_X0Y15          LUT1 (Prop_lut1_I0_O)        0.124     2.846 r  led_OBUF[2]_inst_i_1/O
                         net (fo=1, routed)           1.862     4.708    led_OBUF[2]
    U19                  OBUF (Prop_obuf_I_O)         3.501     8.209 r  led_OBUF[2]_inst/O
                         net (fo=0)                   0.000     8.209    led[2]
    U19                                                               r  led[2] (OUT)
  -------------------------------------------------------------------    -------------------

Slack:                    inf
  Source:                 sw[3]
                            (input port)
  Destination:            led[3]
                            (output port)
  Path Group:             (none)
  Path Type:              Max at Slow Process Corner
  Data Path Delay:        8.201ns  (logic 5.082ns (61.959%)  route 3.120ns (38.041%))
  Logic Levels:           3  (IBUF=1 LUT1=1 OBUF=1)

    Location             Delay type                Incr(ns)  Path(ns)    Netlist Resource(s)
  -------------------------------------------------------------------    -------------------
    W17                                               0.000     0.000 f  sw[3] (IN)
                         net (fo=0)                   0.000     0.000    sw[3]
    W17                  IBUF (Prop_ibuf_I_O)         1.448     1.448 f  sw_IBUF[3]_inst/O
                         net (fo=1, routed)           1.258     2.706    sw_IBUF[3]
    SLICE_X0Y14          LUT1 (Prop_lut1_I0_O)        0.124     2.830 r  led_OBUF[3]_inst_i_1/O
                         net (fo=1, routed)           1.862     4.692    led_OBUF[3]
    V19                  OBUF (Prop_obuf_I_O)         3.509     8.201 r  led_OBUF[3]_inst/O
                         net (fo=0)                   0.000     8.201    led[3]
    V19                                                               r  led[3] (OUT)
  -------------------------------------------------------------------    -------------------

Slack:                    inf
  Source:                 sw[4]
                            (input port)
  Destination:            led[4]
                            (output port)
  Path Group:             (none)
  Path Type:              Max at Slow Process Corner
  Data Path Delay:        8.192ns  (logic 5.083ns (62.049%)  route 3.109ns (37.951%))
  Logic Levels:           3  (IBUF=1 LUT1=1 OBUF=1)

    Location             Delay type                Incr(ns)  Path(ns)    Netlist Resource(s)
  -------------------------------------------------------------------    -------------------
    W15                                               0.000     0.000 f  sw[4] (IN)
                         net (fo=0)                   0.000     0.000    sw[4]
    W15                  IBUF (Prop_ibuf_I_O)         1.451     1.451 f  sw_IBUF[4]_inst/O
                         net (fo=1, routed)           1.258     2.709    sw_IBUF[4]
    SLICE_X0Y12          LUT1 (Prop_lut1_I0_O)        0.124     2.833 r  led_OBUF[4]_inst_i_1/O
                         net (fo=1, routed)           1.851     4.684    led_OBUF[4]
    W18                  OBUF (Prop_obuf_I_O)         3.509     8.192 r  led_OBUF[4]_inst/O
                         net (fo=0)                   0.000     8.192    led[4]
    W18                                                               r  led[4] (OUT)
  -------------------------------------------------------------------    -------------------

Slack:                    inf
  Source:                 sw[7]
                            (input port)
  Destination:            led[7]
                            (output port)
  Path Group:             (none)
  Path Type:              Max at Slow Process Corner
  Data Path Delay:        8.187ns  (logic 5.084ns (62.090%)  route 3.104ns (37.910%))
  Logic Levels:           3  (IBUF=1 LUT1=1 OBUF=1)

    Location             Delay type                Incr(ns)  Path(ns)    Netlist Resource(s)
  -------------------------------------------------------------------    -------------------
    W13                                               0.000     0.000 f  sw[7] (IN)
                         net (fo=0)                   0.000     0.000    sw[7]
    W13                  IBUF (Prop_ibuf_I_O)         1.459     1.459 f  sw_IBUF[7]_inst/O
                         net (fo=1, routed)           1.379     2.838    sw_IBUF[7]
    SLICE_X0Y4           LUT1 (Prop_lut1_I0_O)        0.124     2.962 r  led_OBUF[7]_inst_i_1/O
                         net (fo=1, routed)           1.725     4.687    led_OBUF[7]
    V14                  OBUF (Prop_obuf_I_O)         3.501     8.187 r  led_OBUF[7]_inst/O
                         net (fo=0)                   0.000     8.187    led[7]
    V14                                                               r  led[7] (OUT)
  -------------------------------------------------------------------    -------------------

Slack:                    inf
  Source:                 sw[6]
                            (input port)
  Destination:            led[6]
                            (output port)
  Path Group:             (none)
  Path Type:              Max at Slow Process Corner
  Data Path Delay:        8.169ns  (logic 5.080ns (62.182%)  route 3.090ns (37.818%))
  Logic Levels:           3  (IBUF=1 LUT1=1 OBUF=1)

    Location             Delay type                Incr(ns)  Path(ns)    Netlist Resource(s)
  -------------------------------------------------------------------    -------------------
    W14                                               0.000     0.000 f  sw[6] (IN)
                         net (fo=0)                   0.000     0.000    sw[6]
    W14                  IBUF (Prop_ibuf_I_O)         1.450     1.450 f  sw_IBUF[6]_inst/O
                         net (fo=1, routed)           1.379     2.829    sw_IBUF[6]
    SLICE_X0Y3           LUT1 (Prop_lut1_I0_O)        0.124     2.953 r  led_OBUF[6]_inst_i_1/O
                         net (fo=1, routed)           1.710     4.663    led_OBUF[6]
    U14                  OBUF (Prop_obuf_I_O)         3.506     8.169 r  led_OBUF[6]_inst/O
                         net (fo=0)                   0.000     8.169    led[6]
    U14                                                               r  led[6] (OUT)
  -------------------------------------------------------------------    -------------------

Slack:                    inf
  Source:                 sw[0]
                            (input port)
  Destination:            led[0]
                            (output port)
  Path Group:             (none)
  Path Type:              Max at Slow Process Corner
  Data Path Delay:        8.157ns  (logic 5.082ns (62.296%)  route 3.076ns (37.704%))
  Logic Levels:           3  (IBUF=1 LUT1=1 OBUF=1)

    Location             Delay type                Incr(ns)  Path(ns)    Netlist Resource(s)
  -------------------------------------------------------------------    -------------------
    V17                                               0.000     0.000 f  sw[0] (IN)
                         net (fo=0)                   0.000     0.000    sw[0]
    V17                  IBUF (Prop_ibuf_I_O)         1.453     1.453 f  sw_IBUF[0]_inst/O
                         net (fo=1, routed)           1.210     2.663    sw_IBUF[0]
    SLICE_X0Y7           LUT1 (Prop_lut1_I0_O)        0.124     2.787 r  led_OBUF[0]_inst_i_1/O
                         net (fo=1, routed)           1.865     4.652    led_OBUF[0]
    U16                  OBUF (Prop_obuf_I_O)         3.505     8.157 r  led_OBUF[0]_inst/O
                         net (fo=0)                   0.000     8.157    led[0]
    U16                                                               r  led[0] (OUT)
  -------------------------------------------------------------------    -------------------

Slack:                    inf
  Source:                 sw[5]
                            (input port)
  Destination:            led[5]
                            (output port)
  Path Group:             (none)
  Path Type:              Max at Slow Process Corner
  Data Path Delay:        8.157ns  (logic 5.105ns (62.581%)  route 3.052ns (37.419%))
  Logic Levels:           3  (IBUF=1 LUT1=1 OBUF=1)

    Location             Delay type                Incr(ns)  Path(ns)    Netlist Resource(s)
  -------------------------------------------------------------------    -------------------
    V15                                               0.000     0.000 f  sw[5] (IN)
                         net (fo=0)                   0.000     0.000    sw[5]
    V15                  IBUF (Prop_ibuf_I_O)         1.466     1.466 f  sw_IBUF[5]_inst/O
                         net (fo=1, routed)           1.379     2.845    sw_IBUF[5]
    SLICE_X0Y6           LUT1 (Prop_lut1_I0_O)        0.124     2.969 r  led_OBUF[5]_inst_i_1/O
                         net (fo=1, routed)           1.673     4.642    led_OBUF[5]
    U15                  OBUF (Prop_obuf_I_O)         3.514     8.157 r  led_OBUF[5]_inst/O
                         net (fo=0)                   0.000     8.157    led[5]
    U15                                                               r  led[5] (OUT)
  -------------------------------------------------------------------    -------------------





Min Delay Paths
--------------------------------------------------------------------------------------
Slack:                    inf
  Source:                 sw[6]
                            (input port)
  Destination:            led[6]
                            (output port)
  Path Group:             (none)
  Path Type:              Min at Fast Process Corner
  Data Path Delay:        2.329ns  (logic 1.470ns (63.133%)  route 0.859ns (36.867%))
  Logic Levels:           3  (IBUF=1 LUT1=1 OBUF=1)

    Location             Delay type                Incr(ns)  Path(ns)    Netlist Resource(s)
  -------------------------------------------------------------------    -------------------
    W14                                               0.000     0.000 f  sw[6] (IN)
                         net (fo=0)                   0.000     0.000    sw[6]
    W14                  IBUF (Prop_ibuf_I_O)         0.218     0.218 f  sw_IBUF[6]_inst/O
                         net (fo=1, routed)           0.506     0.724    sw_IBUF[6]
    SLICE_X0Y3           LUT1 (Prop_lut1_I0_O)        0.045     0.769 r  led_OBUF[6]_inst_i_1/O
                         net (fo=1, routed)           0.352     1.121    led_OBUF[6]
    U14                  OBUF (Prop_obuf_I_O)         1.207     2.329 r  led_OBUF[6]_inst/O
                         net (fo=0)                   0.000     2.329    led[6]
    U14                                                               r  led[6] (OUT)
  -------------------------------------------------------------------    -------------------

Slack:                    inf
  Source:                 sw[7]
                            (input port)
  Destination:            led[7]
                            (output port)
  Path Group:             (none)
  Path Type:              Min at Fast Process Corner
  Data Path Delay:        2.332ns  (logic 1.474ns (63.207%)  route 0.858ns (36.793%))
  Logic Levels:           3  (IBUF=1 LUT1=1 OBUF=1)

    Location             Delay type                Incr(ns)  Path(ns)    Netlist Resource(s)
  -------------------------------------------------------------------    -------------------
    W13                                               0.000     0.000 f  sw[7] (IN)
                         net (fo=0)                   0.000     0.000    sw[7]
    W13                  IBUF (Prop_ibuf_I_O)         0.227     0.227 f  sw_IBUF[7]_inst/O
                         net (fo=1, routed)           0.506     0.733    sw_IBUF[7]
    SLICE_X0Y4           LUT1 (Prop_lut1_I0_O)        0.045     0.778 r  led_OBUF[7]_inst_i_1/O
                         net (fo=1, routed)           0.352     1.130    led_OBUF[7]
    V14                  OBUF (Prop_obuf_I_O)         1.202     2.332 r  led_OBUF[7]_inst/O
                         net (fo=0)                   0.000     2.332    led[7]
    V14                                                               r  led[7] (OUT)
  -------------------------------------------------------------------    -------------------

Slack:                    inf
  Source:                 sw[5]
                            (input port)
  Destination:            led[5]
                            (output port)
  Path Group:             (none)
  Path Type:              Min at Fast Process Corner
  Data Path Delay:        2.343ns  (logic 1.495ns (63.796%)  route 0.848ns (36.204%))
  Logic Levels:           3  (IBUF=1 LUT1=1 OBUF=1)

    Location             Delay type                Incr(ns)  Path(ns)    Netlist Resource(s)
  -------------------------------------------------------------------    -------------------
    V15                                               0.000     0.000 f  sw[5] (IN)
                         net (fo=0)                   0.000     0.000    sw[5]
    V15                  IBUF (Prop_ibuf_I_O)         0.234     0.234 f  sw_IBUF[5]_inst/O
                         net (fo=1, routed)           0.506     0.740    sw_IBUF[5]
    SLICE_X0Y6           LUT1 (Prop_lut1_I0_O)        0.045     0.785 r  led_OBUF[5]_inst_i_1/O
                         net (fo=1, routed)           0.342     1.127    led_OBUF[5]
    U15                  OBUF (Prop_obuf_I_O)         1.216     2.343 r  led_OBUF[5]_inst/O
                         net (fo=0)                   0.000     2.343    led[5]
    U15                                                               r  led[5] (OUT)
  -------------------------------------------------------------------    -------------------

Slack:                    inf
  Source:                 sw[0]
                            (input port)
  Destination:            led[0]
                            (output port)
  Path Group:             (none)
  Path Type:              Min at Fast Process Corner
  Data Path Delay:        2.351ns  (logic 1.472ns (62.594%)  route 0.880ns (37.406%))
  Logic Levels:           3  (IBUF=1 LUT1=1 OBUF=1)

    Location             Delay type                Incr(ns)  Path(ns)    Netlist Resource(s)
  -------------------------------------------------------------------    -------------------
    V17                                               0.000     0.000 f  sw[0] (IN)
                         net (fo=0)                   0.000     0.000    sw[0]
    V17                  IBUF (Prop_ibuf_I_O)         0.221     0.221 f  sw_IBUF[0]_inst/O
                         net (fo=1, routed)           0.474     0.695    sw_IBUF[0]
    SLICE_X0Y7           LUT1 (Prop_lut1_I0_O)        0.045     0.740 r  led_OBUF[0]_inst_i_1/O
                         net (fo=1, routed)           0.405     1.146    led_OBUF[0]
    U16                  OBUF (Prop_obuf_I_O)         1.206     2.351 r  led_OBUF[0]_inst/O
                         net (fo=0)                   0.000     2.351    led[0]
    U16                                                               r  led[0] (OUT)
  -------------------------------------------------------------------    -------------------

Slack:                    inf
  Source:                 sw[3]
                            (input port)
  Destination:            led[3]
                            (output port)
  Path Group:             (none)
  Path Type:              Min at Fast Process Corner
  Data Path Delay:        2.356ns  (logic 1.472ns (62.479%)  route 0.884ns (37.521%))
  Logic Levels:           3  (IBUF=1 LUT1=1 OBUF=1)

    Location             Delay type                Incr(ns)  Path(ns)    Netlist Resource(s)
  -------------------------------------------------------------------    -------------------
    W17                                               0.000     0.000 f  sw[3] (IN)
                         net (fo=0)                   0.000     0.000    sw[3]
    W17                  IBUF (Prop_ibuf_I_O)         0.217     0.217 f  sw_IBUF[3]_inst/O
                         net (fo=1, routed)           0.484     0.701    sw_IBUF[3]
    SLICE_X0Y14          LUT1 (Prop_lut1_I0_O)        0.045     0.746 r  led_OBUF[3]_inst_i_1/O
                         net (fo=1, routed)           0.400     1.145    led_OBUF[3]
    V19                  OBUF (Prop_obuf_I_O)         1.210     2.356 r  led_OBUF[3]_inst/O
                         net (fo=0)                   0.000     2.356    led[3]
    V19                                                               r  led[3] (OUT)
  -------------------------------------------------------------------    -------------------

Slack:                    inf
  Source:                 sw[2]
                            (input port)
  Destination:            led[2]
                            (output port)
  Path Group:             (none)
  Path Type:              Min at Fast Process Corner
  Data Path Delay:        2.363ns  (logic 1.479ns (62.593%)  route 0.884ns (37.407%))
  Logic Levels:           3  (IBUF=1 LUT1=1 OBUF=1)

    Location             Delay type                Incr(ns)  Path(ns)    Netlist Resource(s)
  -------------------------------------------------------------------    -------------------
    W16                                               0.000     0.000 f  sw[2] (IN)
                         net (fo=0)                   0.000     0.000    sw[2]
    W16                  IBUF (Prop_ibuf_I_O)         0.232     0.232 f  sw_IBUF[2]_inst/O
                         net (fo=1, routed)           0.484     0.716    sw_IBUF[2]
    SLICE_X0Y15          LUT1 (Prop_lut1_I0_O)        0.045     0.761 r  led_OBUF[2]_inst_i_1/O
                         net (fo=1, routed)           0.400     1.161    led_OBUF[2]
    U19                  OBUF (Prop_obuf_I_O)         1.202     2.363 r  led_OBUF[2]_inst/O
                         net (fo=0)                   0.000     2.363    led[2]
    U19                                                               r  led[2] (OUT)
  -------------------------------------------------------------------    -------------------

Slack:                    inf
  Source:                 sw[4]
                            (input port)
  Destination:            led[4]
                            (output port)
  Path Group:             (none)
  Path Type:              Min at Fast Process Corner
  Data Path Delay:        2.369ns  (logic 1.474ns (62.210%)  route 0.895ns (37.790%))
  Logic Levels:           3  (IBUF=1 LUT1=1 OBUF=1)

    Location             Delay type                Incr(ns)  Path(ns)    Netlist Resource(s)
  -------------------------------------------------------------------    -------------------
    W15                                               0.000     0.000 f  sw[4] (IN)
                         net (fo=0)                   0.000     0.000    sw[4]
    W15                  IBUF (Prop_ibuf_I_O)         0.219     0.219 f  sw_IBUF[4]_inst/O
                         net (fo=1, routed)           0.484     0.703    sw_IBUF[4]
    SLICE_X0Y12          LUT1 (Prop_lut1_I0_O)        0.045     0.748 r  led_OBUF[4]_inst_i_1/O
                         net (fo=1, routed)           0.411     1.159    led_OBUF[4]
    W18                  OBUF (Prop_obuf_I_O)         1.210     2.369 r  led_OBUF[4]_inst/O
                         net (fo=0)                   0.000     2.369    led[4]
    W18                                                               r  led[4] (OUT)
  -------------------------------------------------------------------    -------------------

Slack:                    inf
  Source:                 sw[1]
                            (input port)
  Destination:            led[1]
                            (output port)
  Path Group:             (none)
  Path Type:              Min at Fast Process Corner
  Data Path Delay:        2.833ns  (logic 1.505ns (53.129%)  route 1.328ns (46.871%))
  Logic Levels:           3  (IBUF=1 LUT1=1 OBUF=1)

    Location             Delay type                Incr(ns)  Path(ns)    Netlist Resource(s)
  -------------------------------------------------------------------    -------------------
    V16                                               0.000     0.000 f  sw[1] (IN)
                         net (fo=0)                   0.000     0.000    sw[1]
    V16                  IBUF (Prop_ibuf_I_O)         0.229     0.229 f  sw_IBUF[1]_inst/O
                         net (fo=1, routed)           0.805     1.035    sw_IBUF[1]
    SLICE_X0Y28          LUT1 (Prop_lut1_I0_O)        0.045     1.080 r  led_OBUF[1]_inst_i_1/O
                         net (fo=1, routed)           0.522     1.602    led_OBUF[1]
    E19                  OBUF (Prop_obuf_I_O)         1.231     2.833 r  led_OBUF[1]_inst/O
                         net (fo=0)                   0.000     2.833    led[1]
    E19                                                               r  led[1] (OUT)
  -------------------------------------------------------------------    -------------------





